func packSEXP_types_Slice___byte(p []byte) C.SEXP {
	r := C.Rf_allocVector(C.RAWSXP, C.R_xlen_t(len(p)))
	C.Rf_protect(r)
	s := (*[562949953421312]byte)(unsafe.Pointer(C.RAW(r)))[:len(p):len(p)]
	copy(s, p)
	C.Rf_unprotect(1)
	return r
}