func packSEXP_types_Struct_struct_F1_string__rgo___Rname_____F2_string_(p struct{F1 string "rgo:\"Rname\""; F2 string}) C.SEXP {
	r := C.Rf_allocVector(C.VECSXP, 2)
	C.Rf_protect(r)
	names := C.Rf_allocVector(C.STRSXP, 2)
	C.Rf_protect(names)
	C.SET_STRING_ELT(names, 0, C.Rf_mkCharLenCE(C._GoStringPtr("Rname"), 5, C.CE_UTF8))
	C.SET_VECTOR_ELT(r, 0, packSEXP_types_Basic_string(p.F1))
	C.SET_STRING_ELT(names, 1, C.Rf_mkCharLenCE(C._GoStringPtr("F2"), 2, C.CE_UTF8))
	C.SET_VECTOR_ELT(r, 1, packSEXP_types_Basic_string(p.F2))
	C.setAttrib(r, packSEXP_types_Basic_string("names"), names)
	C.Rf_unprotect(2)
	return r
}