func packSEXP_types_Pointer__int32(p *int32) C.SEXP {
	if p == nil {
		return C.R_NilValue
	}
	return packSEXP_types_Basic_int32(*p)
}