func packSEXP_types_Array__10_uint8(p [10]uint8) C.SEXP {
	return packSEXP_types_Slice___uint8(p[:])
}