func packSEXP_types_Slice___int32(p []int32) C.SEXP {
	if p == nil {
		return C.R_NilValue
	}
	r := C.Rf_allocVector(C.INTSXP, C.R_xlen_t(len(p)))
	C.Rf_protect(r)
	defer C.Rf_unprotect(1)
	s := (*[140737488355328]int32)(unsafe.Pointer(C.INTEGER(r)))[:len(p)]
	copy(s, p)
	return r
}