func packSEXP_types_Named_path_to_pkg_T(p pkg.T) C.SEXP {
	return packSEXP_types_Struct_struct_F1_string__rgo___Rname_____F2_string_(p)
}