func packSEXP_types_Map_map_string_bool(p map[string]bool) C.SEXP {
	if p == nil {
		return C.R_NilValue
	}
	n := len(p)
	r := C.Rf_allocVector(C.LGLSXP, C.R_xlen_t(n))
	C.Rf_protect(r)
	defer C.Rf_unprotect(1)
	names := C.Rf_allocVector(C.STRSXP, C.R_xlen_t(n))
	C.Rf_protect(names)
	defer C.Rf_unprotect(1)
	s := (*[140737488355328]int32)(unsafe.Pointer(C.LOGICAL(r)))[:len(p):len(p)]
	var i C.R_xlen_t
	for k, v := range p {
		C.SET_STRING_ELT(names, i, C.Rf_mkCharLenCE(C._GoStringPtr(k), C.int(len(k)), C.CE_UTF8))
		if v {
			s[i] = 1
		} else {
			s[i] = 0
		}
		i++
	}
	C.setAttrib(r, packSEXP_types_Basic_string("names"), names)
	return r
}