func packSEXP_types_Pointer__float64(p *float64) C.SEXP {
	if p == nil {
		return C.R_NilValue
	}
	return packSEXP_types_Basic_float64(*p)
}