func packSEXP_types_Array__10_float64(p [10]float64) C.SEXP {
	return packSEXP_types_Slice___float64(p[:])
}