func packSEXP_types_Basic_rune(p int32) C.SEXP {
	return C.ScalarInteger(C.int(p))
}