func packSEXP_types_Slice___uint8(p []uint8) C.SEXP {
	r := C.Rf_allocVector(C.RAWSXP, C.R_xlen_t(len(p)))
	C.Rf_protect(r)
	defer C.Rf_unprotect(1)
	s := (*[562949953421312]uint8)(unsafe.Pointer(C.RAW(r)))[:len(p)]
	copy(s, p)
	return r
}