func packSEXP_types_Pointer__bool(p *bool) C.SEXP {
	if p == nil {
		return C.R_NilValue
	}
	return packSEXP_types_Basic_bool(*p)
}