func packSEXP_types_Slice___float64(p []float64) C.SEXP {
	r := C.Rf_allocVector(C.REALSXP, C.R_xlen_t(len(p)))
	C.Rf_protect(r)
	s := (*[70368744177664]float64)(unsafe.Pointer(C.REAL(r)))[:len(p):len(p)]
	copy(s, p)
	C.Rf_unprotect(1)
	return r
}