func packSEXP_types_Basic_float64(p float64) C.SEXP {
	return C.ScalarReal(C.double(p))
}