func unpackSEXP_types_Named_path_to_pkg_T(p C.SEXP) pkg.T {
	return pkg.T(unpackSEXP_types_Basic_byte(p))
}