func unpackSEXP_types_Basic_uint8(p C.SEXP) uint8 {
	return uint8(*C.RAW(p))
}