func unpackSEXP_types_Named_path_to_pkg_T(p C.SEXP) pkg.T {
	return unpackSEXP_types_Pointer__complex128(p)
}