func unpackSEXP_types_Pointer__int32(p C.SEXP) *int32 {
	if C.Rf_isNull(p) != 0 {
		return nil
	}
	r := unpackSEXP_types_Basic_int32(p)
	return &r
}