func unpackSEXP_types_Array__10_byte(p C.SEXP) [10]byte {
	var a [10]byte
	copy(a[:], unpackSEXP_types_Slice___byte(p))
	return a
}