func unpackSEXP_types_Slice___float64(p C.SEXP) []float64 {
	if C.Rf_isNull(p) != 0 {
		return nil
	}
	n := C.Rf_xlength(p)
	return (*[70368744177664]float64)(unsafe.Pointer(C.REAL(p)))[:n]
}