func unpackSEXP_types_Pointer__string(p C.SEXP) *string {
	if C.Rf_isNull(p) != 0 {
		return nil
	}
	r := unpackSEXP_types_Basic_string(p)
	return &r
}