func unpackSEXP_types_Basic_byte(p C.SEXP) byte {
	return byte(*C.RAW(p))
}