func unpackSEXP_types_Basic_int32(p C.SEXP) int32 {
	return int32(*C.INTEGER(p))
}