func unpackSEXP_types_Struct_struct_F1_float64__rgo___Rname_____F2_float64_(p C.SEXP) struct{F1 float64 "rgo:\"Rname\""; F2 float64} {
	switch n := C.Rf_xlength(p); {
	case n < 2:
		panic(`missing list element for struct{F1 float64 "rgo:\"Rname\""; F2 float64}`)
	case n > 2:
		err := C.CString(`extra list element ignored for struct{F1 float64 "rgo:\"Rname\""; F2 float64}`)
		C.R_error(err)
		C.free(unsafe.Pointer(err))
	}
	var r struct{F1 float64 "rgo:\"Rname\""; F2 float64}
	var i C.int
	key_Rname := C.CString("Rname")
	defer C.free(unsafe.Pointer(key_Rname))
	i = C.getListElementIndex(p, key_Rname)
	if i < 0 {
		panic("no list element name for field: F1")
	}
	r.F1 = unpackSEXP_types_Basic_float64(C.VECTOR_ELT(p, C.R_xlen_t(i)))
	key_F2 := C.CString("F2")
	defer C.free(unsafe.Pointer(key_F2))
	i = C.getListElementIndex(p, key_F2)
	if i < 0 {
		panic("no list element name for field: F2")
	}
	r.F2 = unpackSEXP_types_Basic_float64(C.VECTOR_ELT(p, C.R_xlen_t(i)))
	return r
}